[{"title":"First Post","date":"23/02/2015 20:20:00","version":1,"author":"Juan Manuel Zavala O.","categories":["Home","cOmputer","guitar"],"html":"","url":"first-post"}]